  Application.cpp
C:\Dev\GitRepos\Voxel-Pollution\VoxelEngineLib\src\Scene\Effects\ChromaticAberrationEffect.h(7,29): warning C4305: 'initializing': truncation from 'double' to 'float'
  (compiling source file 'src/Application/Application.cpp')
  
C:\Dev\GitRepos\Voxel-Pollution\VoxelEngineLib\src\Scene\Effects\ChromaticAberrationEffect.h(8,29): warning C4305: 'initializing': truncation from 'double' to 'float'
  (compiling source file 'src/Application/Application.cpp')
  
C:\Dev\GitRepos\Voxel-Pollution\VoxelEngineLib\src\Scene\Effects\ChromaticAberrationEffect.h(9,29): warning C4305: 'initializing': truncation from 'double' to 'float'
  (compiling source file 'src/Application/Application.cpp')
  
C:\Dev\GitRepos\Voxel-Pollution\VoxelEngineLib\src\Scene\Effects\ChromaticAberrationEffect.h(21,76): warning C4305: 'argument': truncation from 'double' to 'float'
  (compiling source file 'src/Application/Application.cpp')
  
C:\Dev\GitRepos\Voxel-Pollution\VoxelEngineLib\src\Scene\Effects\ChromaticAberrationEffect.h(21,69): warning C4305: 'argument': truncation from 'double' to 'float'
  (compiling source file 'src/Application/Application.cpp')
  
C:\Dev\GitRepos\Voxel-Pollution\VoxelEngineLib\src\Scene\Effects\ChromaticAberrationEffect.h(22,76): warning C4305: 'argument': truncation from 'double' to 'float'
  (compiling source file 'src/Application/Application.cpp')
  
C:\Dev\GitRepos\Voxel-Pollution\VoxelEngineLib\src\Scene\Effects\ChromaticAberrationEffect.h(22,69): warning C4305: 'argument': truncation from 'double' to 'float'
  (compiling source file 'src/Application/Application.cpp')
  
C:\Dev\GitRepos\Voxel-Pollution\VoxelEngineLib\src\Scene\Effects\ChromaticAberrationEffect.h(23,76): warning C4305: 'argument': truncation from 'double' to 'float'
  (compiling source file 'src/Application/Application.cpp')
  
C:\Dev\GitRepos\Voxel-Pollution\VoxelEngineLib\src\Scene\Effects\ChromaticAberrationEffect.h(23,69): warning C4305: 'argument': truncation from 'double' to 'float'
  (compiling source file 'src/Application/Application.cpp')
  
C:\Dev\GitRepos\Voxel-Pollution\VoxelEngineLib\src\Scene\Effects\CrosshairEffect.h(17,60): warning C4305: 'argument': truncation from 'double' to 'float'
  (compiling source file 'src/Application/Application.cpp')
  
C:\Dev\GitRepos\Voxel-Pollution\VoxelEngineLib\src\Scene\Effects\CrosshairEffect.h(18,79): warning C4305: 'argument': truncation from 'double' to 'float'
  (compiling source file 'src/Application/Application.cpp')
  
C:\Dev\GitRepos\Voxel-Pollution\VoxelEngineLib\src\Scene\Effects\CrosshairEffect.h(19,83): warning C4305: 'argument': truncation from 'double' to 'float'
  (compiling source file 'src/Application/Application.cpp')
  
C:\Dev\GitRepos\Voxel-Pollution\VoxelEngineLib\src\Scene\Effects\GammaCorrectionEffect.h(6,17): warning C4305: 'initializing': truncation from 'double' to 'float'
  (compiling source file 'src/Application/Application.cpp')
  
C:\Dev\GitRepos\Voxel-Pollution\VoxelEngineLib\src\Scene\Effects\VignetteEffect.h(6,29): warning C4305: 'initializing': truncation from 'double' to 'float'
  (compiling source file 'src/Application/Application.cpp')
  
C:\Dev\GitRepos\Voxel-Pollution\VoxelEngineLib\src\Scene\Skybox.h(28,25): warning C4305: 'initializing': truncation from 'double' to 'float'
  (compiling source file 'src/Application/Application.cpp')
  
  Gui.cpp
  Window.cpp
C:\Dev\GitRepos\Voxel-Pollution\VoxelEngineLib\src\Scene\Effects\ChromaticAberrationEffect.h(7,29): warning C4305: 'initializing': truncation from 'double' to 'float'
  (compiling source file 'src/Application/Window.cpp')
  
C:\Dev\GitRepos\Voxel-Pollution\VoxelEngineLib\src\Scene\Effects\ChromaticAberrationEffect.h(8,29): warning C4305: 'initializing': truncation from 'double' to 'float'
  (compiling source file 'src/Application/Window.cpp')
  
C:\Dev\GitRepos\Voxel-Pollution\VoxelEngineLib\src\Scene\Effects\ChromaticAberrationEffect.h(9,29): warning C4305: 'initializing': truncation from 'double' to 'float'
  (compiling source file 'src/Application/Window.cpp')
  
C:\Dev\GitRepos\Voxel-Pollution\VoxelEngineLib\src\Scene\Effects\ChromaticAberrationEffect.h(21,76): warning C4305: 'argument': truncation from 'double' to 'float'
  (compiling source file 'src/Application/Window.cpp')
  
C:\Dev\GitRepos\Voxel-Pollution\VoxelEngineLib\src\Scene\Effects\ChromaticAberrationEffect.h(21,69): warning C4305: 'argument': truncation from 'double' to 'float'
  (compiling source file 'src/Application/Window.cpp')
  
C:\Dev\GitRepos\Voxel-Pollution\VoxelEngineLib\src\Scene\Effects\ChromaticAberrationEffect.h(22,76): warning C4305: 'argument': truncation from 'double' to 'float'
  (compiling source file 'src/Application/Window.cpp')
  
C:\Dev\GitRepos\Voxel-Pollution\VoxelEngineLib\src\Scene\Effects\ChromaticAberrationEffect.h(22,69): warning C4305: 'argument': truncation from 'double' to 'float'
  (compiling source file 'src/Application/Window.cpp')
  
C:\Dev\GitRepos\Voxel-Pollution\VoxelEngineLib\src\Scene\Effects\ChromaticAberrationEffect.h(23,76): warning C4305: 'argument': truncation from 'double' to 'float'
  (compiling source file 'src/Application/Window.cpp')
  
C:\Dev\GitRepos\Voxel-Pollution\VoxelEngineLib\src\Scene\Effects\ChromaticAberrationEffect.h(23,69): warning C4305: 'argument': truncation from 'double' to 'float'
  (compiling source file 'src/Application/Window.cpp')
  
C:\Dev\GitRepos\Voxel-Pollution\VoxelEngineLib\src\Scene\Effects\CrosshairEffect.h(17,60): warning C4305: 'argument': truncation from 'double' to 'float'
  (compiling source file 'src/Application/Window.cpp')
  
C:\Dev\GitRepos\Voxel-Pollution\VoxelEngineLib\src\Scene\Effects\CrosshairEffect.h(18,79): warning C4305: 'argument': truncation from 'double' to 'float'
  (compiling source file 'src/Application/Window.cpp')
  
C:\Dev\GitRepos\Voxel-Pollution\VoxelEngineLib\src\Scene\Effects\CrosshairEffect.h(19,83): warning C4305: 'argument': truncation from 'double' to 'float'
  (compiling source file 'src/Application/Window.cpp')
  
C:\Dev\GitRepos\Voxel-Pollution\VoxelEngineLib\src\Scene\Effects\GammaCorrectionEffect.h(6,17): warning C4305: 'initializing': truncation from 'double' to 'float'
  (compiling source file 'src/Application/Window.cpp')
  
C:\Dev\GitRepos\Voxel-Pollution\VoxelEngineLib\src\Scene\Effects\VignetteEffect.h(6,29): warning C4305: 'initializing': truncation from 'double' to 'float'
  (compiling source file 'src/Application/Window.cpp')
  
C:\Dev\GitRepos\Voxel-Pollution\VoxelEngineLib\src\Scene\Skybox.h(28,25): warning C4305: 'initializing': truncation from 'double' to 'float'
  (compiling source file 'src/Application/Window.cpp')
  
  AssetManager.cpp
  glCraft.cpp
  AxisPlane.cpp
  WorldRayCast.cpp
  Trace.cpp
  Persistence.cpp
  MovementSimulation.cpp
  BlockMesh.cpp
  BlockVertex.cpp
C:\Dev\GitRepos\Voxel-Pollution\VoxelEngineLib\src\Rendering\BlockVertex.cpp(9,23): warning C4805: '|': unsafe mix of type 'bool' and type 'int' in operation
  ColorRenderPass.cpp
  Framebuffer.cpp
C:\Dev\GitRepos\Voxel-Pollution\VoxelEngineLib\src\Rendering\Framebuffer.cpp(15,26): warning C4018: '<': signed/unsigned mismatch
  FramebufferStack.cpp
  FullscreenQuad.cpp
C:\Dev\GitRepos\Voxel-Pollution\VoxelEngineLib\src\Rendering\Buffer.h(53,38): warning C4267: 'argument': conversion from 'size_t' to 'int32_t', possible loss of data
  (compiling source file 'src/Rendering/FullscreenQuad.cpp')
      C:\Dev\GitRepos\Voxel-Pollution\VoxelEngineLib\src\Rendering\Buffer.h(53,38):
      the template instantiation context (the oldest one first) is
          C:\Dev\GitRepos\Voxel-Pollution\VoxelEngineLib\src\Rendering\FullscreenQuad.cpp(5,11):
          see reference to function template instantiation 'std::shared_ptr<VertexArray> std::make_shared<VertexArray,std::vector<glm::vec3,std::allocator<glm::vec3>>,std::vector<VertexAttribute,std::allocator<VertexAttribute>>,std::vector<unsigned char,std::allocator<unsigned char>>>(std::vector<glm::vec3,std::allocator<glm::vec3>> &&,std::vector<VertexAttribute,std::allocator<VertexAttribute>> &&,std::vector<unsigned char,std::allocator<unsigned char>> &&)' being compiled
          C:\Program Files\Microsoft Visual Studio\18\Community\VC\Tools\MSVC\14.50.35717\include\memory(2944,46):
          see reference to function template instantiation 'std::_Ref_count_obj2<VertexArray>::_Ref_count_obj2<_Ty,std::vector<VertexAttribute,std::allocator<VertexAttribute>>,std::vector<unsigned char,std::allocator<unsigned char>>>(_Ty &&,std::vector<VertexAttribute,std::allocator<VertexAttribute>> &&,std::vector<unsigned char,std::allocator<unsigned char>> &&)' being compiled
          with
          [
              _Ty=std::vector<glm::vec3,std::allocator<glm::vec3>>
          ]
          C:\Program Files\Microsoft Visual Studio\18\Community\VC\Tools\MSVC\14.50.35717\include\memory(2131,18):
          see reference to function template instantiation 'void std::_Construct_in_place<_Ty,std::vector<glm::vec3,std::allocator<glm::vec3>>,std::vector<VertexAttribute,std::allocator<VertexAttribute>>,std::vector<unsigned char,std::allocator<unsigned char>>>(_Ty &,std::vector<glm::vec3,std::allocator<glm::vec3>> &&,std::vector<VertexAttribute,std::allocator<VertexAttribute>> &&,std::vector<unsigned char,std::allocator<unsigned char>> &&) noexcept(false)' being compiled
          with
          [
              _Ty=VertexArray
          ]
          C:\Program Files\Microsoft Visual Studio\18\Community\VC\Tools\MSVC\14.50.35717\include\xutility(522,61):
          see reference to function template instantiation 'VertexArray::VertexArray<glm::vec3,unsigned char>(const std::vector<glm::vec3,std::allocator<glm::vec3>> &,const std::vector<VertexAttribute,std::allocator<VertexAttribute>> &,const std::vector<unsigned char,std::allocator<unsigned char>> &,bool)' being compiled
          C:\Dev\GitRepos\Voxel-Pollution\VoxelEngineLib\src\Rendering\VertexArray.h(83,20):
          see reference to function template instantiation 'VertexArray::VertexArray<glm::vec3,unsigned char>(const std::vector<glm::vec3,std::allocator<glm::vec3>> &,const std::vector<unsigned char,std::allocator<unsigned char>> &,bool)' being compiled
          C:\Dev\GitRepos\Voxel-Pollution\VoxelEngineLib\src\Rendering\VertexArray.h(63,20):
          see reference to function template instantiation 'void Buffer::bufferDynamicData<unsigned char>(const std::vector<unsigned char,std::allocator<unsigned char>> &)' being compiled
  
C:\Dev\GitRepos\Voxel-Pollution\VoxelEngineLib\src\Rendering\Buffer.h(37,37): warning C4267: 'argument': conversion from 'size_t' to 'int32_t', possible loss of data
  (compiling source file 'src/Rendering/FullscreenQuad.cpp')
      C:\Dev\GitRepos\Voxel-Pollution\VoxelEngineLib\src\Rendering\Buffer.h(37,37):
      the template instantiation context (the oldest one first) is
          C:\Dev\GitRepos\Voxel-Pollution\VoxelEngineLib\src\Rendering\VertexArray.h(65,20):
          see reference to function template instantiation 'void Buffer::bufferStaticData<unsigned char>(const std::vector<unsigned char,std::allocator<unsigned char>> &)' being compiled
  
  Image.cpp
  ParticleSystem.cpp
C:\Dev\GitRepos\Voxel-Pollution\VoxelEngineLib\src\Rendering\ParticleSystem.cpp(20,14): warning C4267: 'initializing': conversion from 'size_t' to 'int', possible loss of data
  ProceduralShader.cpp
  Shader.cpp
  Generating Code...
  Compiling...
  ShaderProgram.cpp
  Texture.cpp
C:\Dev\GitRepos\Voxel-Pollution\VoxelEngineLib\src\Rendering\Texture.cpp(71,67): warning C4267: 'argument': conversion from 'size_t' to 'GLsizei', possible loss of data
C:\Dev\GitRepos\Voxel-Pollution\VoxelEngineLib\src\Rendering\Texture.cpp(74,38): warning C4267: 'argument': conversion from 'size_t' to 'GLint', possible loss of data
C:\Dev\GitRepos\Voxel-Pollution\VoxelEngineLib\src\Rendering\Texture.cpp(90,49): warning C4267: 'argument': conversion from 'size_t' to 'GLenum', possible loss of data
  VertexArray.cpp
C:\Dev\GitRepos\Voxel-Pollution\VoxelEngineLib\src\Rendering\VertexArray.cpp(70,65): warning C4312: 'reinterpret_cast': conversion from 'const uint32_t' to 'void *' of greater size
C:\Dev\GitRepos\Voxel-Pollution\VoxelEngineLib\src\Rendering\VertexArray.cpp(70,32): warning C4267: 'argument': conversion from 'size_t' to 'GLuint', possible loss of data
C:\Dev\GitRepos\Voxel-Pollution\VoxelEngineLib\src\Rendering\VertexArray.cpp(73,75): warning C4312: 'reinterpret_cast': conversion from 'const uint32_t' to 'void *' of greater size
C:\Dev\GitRepos\Voxel-Pollution\VoxelEngineLib\src\Rendering\VertexArray.cpp(73,31): warning C4267: 'argument': conversion from 'size_t' to 'GLuint', possible loss of data
C:\Dev\GitRepos\Voxel-Pollution\VoxelEngineLib\src\Rendering\VertexArray.cpp(76,31): warning C4267: 'argument': conversion from 'size_t' to 'GLuint', possible loss of data
  BlockBreakParticleBehavior.cpp
C:\Dev\GitRepos\Voxel-Pollution\VoxelEngineLib\src\Scene\Behaviors\BlockBreakParticleBehavior.cpp(40,42): warning C4305: 'argument': truncation from 'double' to 'T'
C:\Dev\GitRepos\Voxel-Pollution\VoxelEngineLib\src\Scene\Behaviors\BlockBreakParticleBehavior.cpp(40,42): warning C4305:         with
C:\Dev\GitRepos\Voxel-Pollution\VoxelEngineLib\src\Scene\Behaviors\BlockBreakParticleBehavior.cpp(40,42): warning C4305:         [
C:\Dev\GitRepos\Voxel-Pollution\VoxelEngineLib\src\Scene\Behaviors\BlockBreakParticleBehavior.cpp(40,42): warning C4305:             T=float
C:\Dev\GitRepos\Voxel-Pollution\VoxelEngineLib\src\Scene\Behaviors\BlockBreakParticleBehavior.cpp(40,42): warning C4305:         ]
C:\Dev\GitRepos\Voxel-Pollution\VoxelEngineLib\src\Scene\Behaviors\BlockBreakParticleBehavior.cpp(49,23): warning C4305: 'initializing': truncation from 'double' to 'float'
C:\Dev\GitRepos\Voxel-Pollution\VoxelEngineLib\src\Scene\Behaviors\BlockBreakParticleBehavior.cpp(50,27): warning C4305: 'initializing': truncation from 'double' to 'float'
C:\Dev\GitRepos\Voxel-Pollution\VoxelEngineLib\src\Scene\Behaviors\BlockBreakParticleBehavior.cpp(51,18): warning C4305: 'initializing': truncation from 'double' to 'float'
  LavaParticleBehavior.cpp
C:\Dev\GitRepos\Voxel-Pollution\VoxelEngineLib\src\Scene\Behaviors\LavaParticleBehavior.h(19,32): warning C4305: 'initializing': truncation from 'double' to 'float'
  (compiling source file 'src/Scene/Behaviors/LavaParticleBehavior.cpp')
  
C:\Dev\GitRepos\Voxel-Pollution\VoxelEngineLib\src\Scene\Behaviors\LavaParticleBehavior.cpp(65,25): warning C4244: 'initializing': conversion from 'genType' to 'float', possible loss of data
C:\Dev\GitRepos\Voxel-Pollution\VoxelEngineLib\src\Scene\Behaviors\LavaParticleBehavior.cpp(65,25): warning C4244:         with
C:\Dev\GitRepos\Voxel-Pollution\VoxelEngineLib\src\Scene\Behaviors\LavaParticleBehavior.cpp(65,25): warning C4244:         [
C:\Dev\GitRepos\Voxel-Pollution\VoxelEngineLib\src\Scene\Behaviors\LavaParticleBehavior.cpp(65,25): warning C4244:             genType=double
C:\Dev\GitRepos\Voxel-Pollution\VoxelEngineLib\src\Scene\Behaviors\LavaParticleBehavior.cpp(65,25): warning C4244:         ]
C:\Dev\GitRepos\Voxel-Pollution\VoxelEngineLib\src\Scene\Behaviors\LavaParticleBehavior.cpp(77,42): warning C4305: 'argument': truncation from 'double' to 'T'
C:\Dev\GitRepos\Voxel-Pollution\VoxelEngineLib\src\Scene\Behaviors\LavaParticleBehavior.cpp(77,42): warning C4305:         with
C:\Dev\GitRepos\Voxel-Pollution\VoxelEngineLib\src\Scene\Behaviors\LavaParticleBehavior.cpp(77,42): warning C4305:         [
C:\Dev\GitRepos\Voxel-Pollution\VoxelEngineLib\src\Scene\Behaviors\LavaParticleBehavior.cpp(77,42): warning C4305:             T=float
C:\Dev\GitRepos\Voxel-Pollution\VoxelEngineLib\src\Scene\Behaviors\LavaParticleBehavior.cpp(77,42): warning C4305:         ]
  BlockOutline.cpp
  Camera.cpp
  CubeMesh.cpp
C:\Dev\GitRepos\Voxel-Pollution\VoxelEngineLib\src\Rendering\Buffer.h(53,38): warning C4267: 'argument': conversion from 'size_t' to 'int32_t', possible loss of data
  (compiling source file 'src/Scene/CubeMesh.cpp')
      C:\Dev\GitRepos\Voxel-Pollution\VoxelEngineLib\src\Rendering\Buffer.h(53,38):
      the template instantiation context (the oldest one first) is
          C:\Dev\GitRepos\Voxel-Pollution\VoxelEngineLib\src\Scene\CubeMesh.cpp(17,26):
          see reference to function template instantiation 'std::shared_ptr<VertexArray> std::make_shared<VertexArray,std::vector<BlockVertex,std::allocator<BlockVertex>>&,std::vector<VertexAttribute,std::allocator<VertexAttribute>>>(std::vector<BlockVertex,std::allocator<BlockVertex>> &,std::vector<VertexAttribute,std::allocator<VertexAttribute>> &&)' being compiled
          C:\Program Files\Microsoft Visual Studio\18\Community\VC\Tools\MSVC\14.50.35717\include\memory(2944,46):
          see reference to function template instantiation 'std::_Ref_count_obj2<VertexArray>::_Ref_count_obj2<std::vector<BlockVertex,std::allocator<BlockVertex>>&,_Ty>(std::vector<BlockVertex,std::allocator<BlockVertex>> &,_Ty &&)' being compiled
          with
          [
              _Ty=std::vector<VertexAttribute,std::allocator<VertexAttribute>>
          ]
          C:\Program Files\Microsoft Visual Studio\18\Community\VC\Tools\MSVC\14.50.35717\include\memory(2131,18):
          see reference to function template instantiation 'void std::_Construct_in_place<_Ty,std::vector<BlockVertex,std::allocator<BlockVertex>>&,std::vector<VertexAttribute,std::allocator<VertexAttribute>>>(_Ty &,std::vector<BlockVertex,std::allocator<BlockVertex>> &,std::vector<VertexAttribute,std::allocator<VertexAttribute>> &&) noexcept(false)' being compiled
          with
          [
              _Ty=VertexArray
          ]
          C:\Program Files\Microsoft Visual Studio\18\Community\VC\Tools\MSVC\14.50.35717\include\xutility(522,61):
          see reference to function template instantiation 'VertexArray::VertexArray<BlockVertex>(const std::vector<BlockVertex,std::allocator<BlockVertex>> &,const std::vector<VertexAttribute,std::allocator<VertexAttribute>> &,bool)' being compiled
          C:\Dev\GitRepos\Voxel-Pollution\VoxelEngineLib\src\Rendering\VertexArray.h(74,20):
          see reference to function template instantiation 'VertexArray::VertexArray<BlockVertex>(const std::vector<BlockVertex,std::allocator<BlockVertex>> &,bool)' being compiled
          C:\Dev\GitRepos\Voxel-Pollution\VoxelEngineLib\src\Rendering\VertexArray.h(47,21):
          see reference to function template instantiation 'void Buffer::bufferDynamicData<BlockVertex>(const std::vector<BlockVertex,std::allocator<BlockVertex>> &)' being compiled
  
C:\Dev\GitRepos\Voxel-Pollution\VoxelEngineLib\src\Rendering\Buffer.h(37,37): warning C4267: 'argument': conversion from 'size_t' to 'int32_t', possible loss of data
  (compiling source file 'src/Scene/CubeMesh.cpp')
      C:\Dev\GitRepos\Voxel-Pollution\VoxelEngineLib\src\Rendering\Buffer.h(37,37):
      the template instantiation context (the oldest one first) is
          C:\Dev\GitRepos\Voxel-Pollution\VoxelEngineLib\src\Rendering\VertexArray.h(49,21):
          see reference to function template instantiation 'void Buffer::bufferStaticData<BlockVertex>(const std::vector<BlockVertex,std::allocator<BlockVertex>> &)' being compiled
  
  PostProcessEffect.cpp
  Player.cpp
  Scene.cpp
C:\Dev\GitRepos\Voxel-Pollution\VoxelEngineLib\src\Scene\Effects\ChromaticAberrationEffect.h(7,29): warning C4305: 'initializing': truncation from 'double' to 'float'
  (compiling source file 'src/Scene/Scene.cpp')
  
C:\Dev\GitRepos\Voxel-Pollution\VoxelEngineLib\src\Scene\Effects\ChromaticAberrationEffect.h(8,29): warning C4305: 'initializing': truncation from 'double' to 'float'
  (compiling source file 'src/Scene/Scene.cpp')
  
C:\Dev\GitRepos\Voxel-Pollution\VoxelEngineLib\src\Scene\Effects\ChromaticAberrationEffect.h(9,29): warning C4305: 'initializing': truncation from 'double' to 'float'
  (compiling source file 'src/Scene/Scene.cpp')
  
C:\Dev\GitRepos\Voxel-Pollution\VoxelEngineLib\src\Scene\Effects\ChromaticAberrationEffect.h(21,76): warning C4305: 'argument': truncation from 'double' to 'float'
  (compiling source file 'src/Scene/Scene.cpp')
  
C:\Dev\GitRepos\Voxel-Pollution\VoxelEngineLib\src\Scene\Effects\ChromaticAberrationEffect.h(21,69): warning C4305: 'argument': truncation from 'double' to 'float'
  (compiling source file 'src/Scene/Scene.cpp')
  
C:\Dev\GitRepos\Voxel-Pollution\VoxelEngineLib\src\Scene\Effects\ChromaticAberrationEffect.h(22,76): warning C4305: 'argument': truncation from 'double' to 'float'
  (compiling source file 'src/Scene/Scene.cpp')
  
C:\Dev\GitRepos\Voxel-Pollution\VoxelEngineLib\src\Scene\Effects\ChromaticAberrationEffect.h(22,69): warning C4305: 'argument': truncation from 'double' to 'float'
  (compiling source file 'src/Scene/Scene.cpp')
  
C:\Dev\GitRepos\Voxel-Pollution\VoxelEngineLib\src\Scene\Effects\ChromaticAberrationEffect.h(23,76): warning C4305: 'argument': truncation from 'double' to 'float'
  (compiling source file 'src/Scene/Scene.cpp')
  
C:\Dev\GitRepos\Voxel-Pollution\VoxelEngineLib\src\Scene\Effects\ChromaticAberrationEffect.h(23,69): warning C4305: 'argument': truncation from 'double' to 'float'
  (compiling source file 'src/Scene/Scene.cpp')
  
C:\Dev\GitRepos\Voxel-Pollution\VoxelEngineLib\src\Scene\Effects\CrosshairEffect.h(17,60): warning C4305: 'argument': truncation from 'double' to 'float'
  (compiling source file 'src/Scene/Scene.cpp')
  
C:\Dev\GitRepos\Voxel-Pollution\VoxelEngineLib\src\Scene\Effects\CrosshairEffect.h(18,79): warning C4305: 'argument': truncation from 'double' to 'float'
  (compiling source file 'src/Scene/Scene.cpp')
  
C:\Dev\GitRepos\Voxel-Pollution\VoxelEngineLib\src\Scene\Effects\CrosshairEffect.h(19,83): warning C4305: 'argument': truncation from 'double' to 'float'
  (compiling source file 'src/Scene/Scene.cpp')
  
C:\Dev\GitRepos\Voxel-Pollution\VoxelEngineLib\src\Scene\Effects\GammaCorrectionEffect.h(6,17): warning C4305: 'initializing': truncation from 'double' to 'float'
  (compiling source file 'src/Scene/Scene.cpp')
  
C:\Dev\GitRepos\Voxel-Pollution\VoxelEngineLib\src\Scene\Effects\VignetteEffect.h(6,29): warning C4305: 'initializing': truncation from 'double' to 'float'
  (compiling source file 'src/Scene/Scene.cpp')
  
C:\Dev\GitRepos\Voxel-Pollution\VoxelEngineLib\src\Scene\Skybox.h(28,25): warning C4305: 'initializing': truncation from 'double' to 'float'
  (compiling source file 'src/Scene/Scene.cpp')
  
C:\Dev\GitRepos\Voxel-Pollution\VoxelEngineLib\src\Scene\Behaviors\LavaParticleBehavior.h(19,32): warning C4305: 'initializing': truncation from 'double' to 'float'
  (compiling source file 'src/Scene/Scene.cpp')
  
C:\Dev\GitRepos\Voxel-Pollution\VoxelEngineLib\src\Scene\Scene.cpp(128,83): warning C4267: 'argument': conversion from 'size_t' to 'int', possible loss of data
C:\Dev\GitRepos\Voxel-Pollution\VoxelEngineLib\src\Scene\Scene.cpp(217,20): warning C4312: 'reinterpret_cast': conversion from 'uint32_t' to 'ImTextureID' of greater size
  Skybox.cpp
C:\Dev\GitRepos\Voxel-Pollution\VoxelEngineLib\src\Scene\Skybox.h(28,25): warning C4305: 'initializing': truncation from 'double' to 'float'
  (compiling source file 'src/Scene/Skybox.cpp')
  
C:\Dev\GitRepos\Voxel-Pollution\VoxelEngineLib\src\Rendering\Buffer.h(53,38): warning C4267: 'argument': conversion from 'size_t' to 'int32_t', possible loss of data
  (compiling source file 'src/Scene/Skybox.cpp')
      C:\Dev\GitRepos\Voxel-Pollution\VoxelEngineLib\src\Rendering\Buffer.h(53,38):
      the template instantiation context (the oldest one first) is
          C:\Dev\GitRepos\Voxel-Pollution\VoxelEngineLib\src\Scene\Skybox.h(9,26):
          see reference to function template instantiation 'VertexArray::VertexArray<glm::vec3,unsigned char>(const std::vector<glm::vec3,std::allocator<glm::vec3>> &,const std::vector<VertexAttribute,std::allocator<VertexAttribute>> &,const std::vector<unsigned char,std::allocator<unsigned char>> &,bool)' being compiled
          C:\Dev\GitRepos\Voxel-Pollution\VoxelEngineLib\src\Rendering\VertexArray.h(83,20):
          see reference to function template instantiation 'VertexArray::VertexArray<glm::vec3,unsigned char>(const std::vector<glm::vec3,std::allocator<glm::vec3>> &,const std::vector<unsigned char,std::allocator<unsigned char>> &,bool)' being compiled
          C:\Dev\GitRepos\Voxel-Pollution\VoxelEngineLib\src\Rendering\VertexArray.h(63,20):
          see reference to function template instantiation 'void Buffer::bufferDynamicData<unsigned char>(const std::vector<unsigned char,std::allocator<unsigned char>> &)' being compiled
  
C:\Dev\GitRepos\Voxel-Pollution\VoxelEngineLib\src\Rendering\Buffer.h(37,37): warning C4267: 'argument': conversion from 'size_t' to 'int32_t', possible loss of data
  (compiling source file 'src/Scene/Skybox.cpp')
      C:\Dev\GitRepos\Voxel-Pollution\VoxelEngineLib\src\Rendering\Buffer.h(37,37):
      the template instantiation context (the oldest one first) is
          C:\Dev\GitRepos\Voxel-Pollution\VoxelEngineLib\src\Rendering\VertexArray.h(65,20):
          see reference to function template instantiation 'void Buffer::bufferStaticData<unsigned char>(const std::vector<unsigned char,std::allocator<unsigned char>> &)' being compiled
  
  glm.cpp
  imgui.cpp
  imgui_demo.cpp
  imgui_draw.cpp
  imgui_impl_glfw.cpp
  imgui_impl_opengl3.cpp
  imgui_tables.cpp
  imgui_widgets.cpp
  Generating Code...
  Compiling...
  lodepng.cpp
C:\Dev\GitRepos\Voxel-Pollution\VoxelEngineLib\src\third_party\lodepng\lodepng.cpp(712,35): warning C4334: '<<': result of 32-bit shift implicitly converted to 64 bits (was 64-bit shift intended?)
C:\Dev\GitRepos\Voxel-Pollution\VoxelEngineLib\src\third_party\lodepng\lodepng.cpp(730,28): warning C4267: '=': conversion from 'size_t' to 'unsigned short', possible loss of data
C:\Dev\GitRepos\Voxel-Pollution\VoxelEngineLib\src\third_party\lodepng\lodepng.cpp(731,20): warning C4334: '<<': result of 32-bit shift implicitly converted to 64 bits (was 64-bit shift intended?)
C:\Dev\GitRepos\Voxel-Pollution\VoxelEngineLib\src\third_party\lodepng\lodepng.cpp(754,36): warning C4267: '=': conversion from 'size_t' to 'unsigned short', possible loss of data
C:\Dev\GitRepos\Voxel-Pollution\VoxelEngineLib\src\third_party\lodepng\lodepng.cpp(771,37): warning C4267: '=': conversion from 'size_t' to 'unsigned short', possible loss of data
C:\Dev\GitRepos\Voxel-Pollution\VoxelEngineLib\src\third_party\lodepng\lodepng.cpp(3728,77): warning C4267: 'argument': conversion from 'size_t' to 'unsigned int', possible loss of data
C:\Dev\GitRepos\Voxel-Pollution\VoxelEngineLib\src\third_party\lodepng\lodepng.cpp(4731,29): warning C4267: '=': conversion from 'size_t' to 'unsigned int', possible loss of data
C:\Dev\GitRepos\Voxel-Pollution\VoxelEngineLib\src\third_party\lodepng\lodepng.cpp(4953,57): warning C4267: 'argument': conversion from 'size_t' to 'unsigned int', possible loss of data
C:\Dev\GitRepos\Voxel-Pollution\VoxelEngineLib\src\third_party\lodepng\lodepng.cpp(4958,80): warning C4267: 'argument': conversion from 'size_t' to 'unsigned int', possible loss of data
C:\Dev\GitRepos\Voxel-Pollution\VoxelEngineLib\src\third_party\lodepng\lodepng.cpp(4959,91): warning C4267: 'argument': conversion from 'size_t' to 'unsigned int', possible loss of data
C:\Dev\GitRepos\Voxel-Pollution\VoxelEngineLib\src\third_party\lodepng\lodepng.cpp(4960,80): warning C4267: 'argument': conversion from 'size_t' to 'unsigned int', possible loss of data
C:\Dev\GitRepos\Voxel-Pollution\VoxelEngineLib\src\third_party\lodepng\lodepng.cpp(4961,91): warning C4267: 'argument': conversion from 'size_t' to 'unsigned int', possible loss of data
C:\Dev\GitRepos\Voxel-Pollution\VoxelEngineLib\src\third_party\lodepng\lodepng.cpp(4962,80): warning C4267: 'argument': conversion from 'size_t' to 'unsigned int', possible loss of data
C:\Dev\GitRepos\Voxel-Pollution\VoxelEngineLib\src\third_party\lodepng\lodepng.cpp(4963,91): warning C4267: 'argument': conversion from 'size_t' to 'unsigned int', possible loss of data
C:\Dev\GitRepos\Voxel-Pollution\VoxelEngineLib\src\third_party\lodepng\lodepng.cpp(4964,75): warning C4267: 'argument': conversion from 'size_t' to 'unsigned int', possible loss of data
C:\Dev\GitRepos\Voxel-Pollution\VoxelEngineLib\src\third_party\lodepng\lodepng.cpp(5155,3): warning C4267: 'argument': conversion from 'size_t' to 'unsigned int', possible loss of data
C:\Dev\GitRepos\Voxel-Pollution\VoxelEngineLib\src\third_party\lodepng\lodepng.cpp(5179,7): warning C4267: 'argument': conversion from 'size_t' to 'unsigned int', possible loss of data
C:\Dev\GitRepos\Voxel-Pollution\VoxelEngineLib\src\third_party\lodepng\lodepng.cpp(5213,40): warning C4267: 'argument': conversion from 'size_t' to 'unsigned int', possible loss of data
C:\Dev\GitRepos\Voxel-Pollution\VoxelEngineLib\src\third_party\lodepng\lodepng.cpp(5230,3): warning C4267: 'argument': conversion from 'size_t' to 'unsigned int', possible loss of data
C:\Dev\GitRepos\Voxel-Pollution\VoxelEngineLib\src\third_party\lodepng\lodepng.cpp(5252,45): warning C4267: 'argument': conversion from 'size_t' to 'unsigned int', possible loss of data
C:\Dev\GitRepos\Voxel-Pollution\VoxelEngineLib\src\third_party\lodepng\lodepng.cpp(5283,45): warning C4267: 'argument': conversion from 'size_t' to 'unsigned int', possible loss of data
C:\Dev\GitRepos\Voxel-Pollution\VoxelEngineLib\src\third_party\lodepng\lodepng.cpp(5396,45): warning C4267: 'argument': conversion from 'size_t' to 'unsigned int', possible loss of data
C:\Dev\GitRepos\Voxel-Pollution\VoxelEngineLib\src\third_party\lodepng\lodepng.cpp(5474,28): warning C4334: '<<': result of 32-bit shift implicitly converted to 64 bits (was 64-bit shift intended?)
  Random.cpp
  Util.cpp
  BlockName.cpp
  Chunk.cpp
  World.cpp
  WorldGenerator.cpp
  Generating Code...
  glad.c
  VoxelEngineLib.vcxproj -> C:\Dev\GitRepos\Voxel-Pollution\x64\Debug\VoxelEngineLib.lib
