c:\dev\gitrepos\voxel-pollution\x64\debug\voxelenginelib.pdb
c:\dev\gitrepos\voxel-pollution\x64\debug\voxelenginelib.idb
c:\dev\gitrepos\voxel-pollution\voxelenginelib\x64\debug\shader.obj
c:\dev\gitrepos\voxel-pollution\voxelenginelib\x64\debug\proceduralshader.obj
c:\dev\gitrepos\voxel-pollution\voxelenginelib\x64\debug\particlesystem.obj
c:\dev\gitrepos\voxel-pollution\voxelenginelib\x64\debug\image.obj
c:\dev\gitrepos\voxel-pollution\voxelenginelib\x64\debug\fullscreenquad.obj
c:\dev\gitrepos\voxel-pollution\voxelenginelib\x64\debug\framebufferstack.obj
c:\dev\gitrepos\voxel-pollution\voxelenginelib\x64\debug\framebuffer.obj
c:\dev\gitrepos\voxel-pollution\voxelenginelib\x64\debug\colorrenderpass.obj
c:\dev\gitrepos\voxel-pollution\voxelenginelib\x64\debug\blockvertex.obj
c:\dev\gitrepos\voxel-pollution\voxelenginelib\x64\debug\blockmesh.obj
c:\dev\gitrepos\voxel-pollution\voxelenginelib\x64\debug\movementsimulation.obj
c:\dev\gitrepos\voxel-pollution\voxelenginelib\x64\debug\persistence.obj
c:\dev\gitrepos\voxel-pollution\voxelenginelib\x64\debug\trace.obj
c:\dev\gitrepos\voxel-pollution\voxelenginelib\x64\debug\worldraycast.obj
c:\dev\gitrepos\voxel-pollution\voxelenginelib\x64\debug\axisplane.obj
c:\dev\gitrepos\voxel-pollution\voxelenginelib\x64\debug\glcraft.obj
c:\dev\gitrepos\voxel-pollution\voxelenginelib\x64\debug\assetmanager.obj
c:\dev\gitrepos\voxel-pollution\voxelenginelib\x64\debug\window.obj
c:\dev\gitrepos\voxel-pollution\voxelenginelib\x64\debug\gui.obj
c:\dev\gitrepos\voxel-pollution\voxelenginelib\x64\debug\application.obj
c:\dev\gitrepos\voxel-pollution\voxelenginelib\x64\debug\imgui_widgets.obj
c:\dev\gitrepos\voxel-pollution\voxelenginelib\x64\debug\imgui_tables.obj
c:\dev\gitrepos\voxel-pollution\voxelenginelib\x64\debug\imgui_impl_opengl3.obj
c:\dev\gitrepos\voxel-pollution\voxelenginelib\x64\debug\imgui_impl_glfw.obj
c:\dev\gitrepos\voxel-pollution\voxelenginelib\x64\debug\imgui_draw.obj
c:\dev\gitrepos\voxel-pollution\voxelenginelib\x64\debug\imgui_demo.obj
c:\dev\gitrepos\voxel-pollution\voxelenginelib\x64\debug\imgui.obj
c:\dev\gitrepos\voxel-pollution\voxelenginelib\x64\debug\glm.obj
c:\dev\gitrepos\voxel-pollution\voxelenginelib\x64\debug\skybox.obj
c:\dev\gitrepos\voxel-pollution\voxelenginelib\x64\debug\scene.obj
c:\dev\gitrepos\voxel-pollution\voxelenginelib\x64\debug\player.obj
c:\dev\gitrepos\voxel-pollution\voxelenginelib\x64\debug\postprocesseffect.obj
c:\dev\gitrepos\voxel-pollution\voxelenginelib\x64\debug\cubemesh.obj
c:\dev\gitrepos\voxel-pollution\voxelenginelib\x64\debug\camera.obj
c:\dev\gitrepos\voxel-pollution\voxelenginelib\x64\debug\blockoutline.obj
c:\dev\gitrepos\voxel-pollution\voxelenginelib\x64\debug\lavaparticlebehavior.obj
c:\dev\gitrepos\voxel-pollution\voxelenginelib\x64\debug\blockbreakparticlebehavior.obj
c:\dev\gitrepos\voxel-pollution\voxelenginelib\x64\debug\vertexarray.obj
c:\dev\gitrepos\voxel-pollution\voxelenginelib\x64\debug\texture.obj
c:\dev\gitrepos\voxel-pollution\voxelenginelib\x64\debug\shaderprogram.obj
c:\dev\gitrepos\voxel-pollution\voxelenginelib\x64\debug\worldgenerator.obj
c:\dev\gitrepos\voxel-pollution\voxelenginelib\x64\debug\world.obj
c:\dev\gitrepos\voxel-pollution\voxelenginelib\x64\debug\chunk.obj
c:\dev\gitrepos\voxel-pollution\voxelenginelib\x64\debug\blockname.obj
c:\dev\gitrepos\voxel-pollution\voxelenginelib\x64\debug\util.obj
c:\dev\gitrepos\voxel-pollution\voxelenginelib\x64\debug\random.obj
c:\dev\gitrepos\voxel-pollution\voxelenginelib\x64\debug\lodepng.obj
c:\dev\gitrepos\voxel-pollution\voxelenginelib\x64\debug\glad.obj
c:\dev\gitrepos\voxel-pollution\x64\debug\voxelenginelib.lib
c:\dev\gitrepos\voxel-pollution\voxelenginelib\x64\debug\voxelenginelib.tlog\cl.command.1.tlog
c:\dev\gitrepos\voxel-pollution\voxelenginelib\x64\debug\voxelenginelib.tlog\cl.items.tlog
c:\dev\gitrepos\voxel-pollution\voxelenginelib\x64\debug\voxelenginelib.tlog\cl.read.1.tlog
c:\dev\gitrepos\voxel-pollution\voxelenginelib\x64\debug\voxelenginelib.tlog\cl.write.1.tlog
c:\dev\gitrepos\voxel-pollution\voxelenginelib\x64\debug\voxelenginelib.tlog\lib-link.read.1.tlog
c:\dev\gitrepos\voxel-pollution\voxelenginelib\x64\debug\voxelenginelib.tlog\lib-link.write.1.tlog
c:\dev\gitrepos\voxel-pollution\voxelenginelib\x64\debug\voxelenginelib.tlog\lib.command.1.tlog
