  application.cpp
C:\Dev\GitRepos\Voxel-Pollution\Client\src\application.cpp(206,28): warning C4244: 'initializing': conversion from 'int' to 'float', possible loss of data
C:\Dev\GitRepos\Voxel-Pollution\Client\src\application.cpp(207,28): warning C4244: 'initializing': conversion from 'int' to 'float', possible loss of data
C:\Dev\GitRepos\Voxel-Pollution\Client\src\application.cpp(209,23): warning C4244: 'initializing': conversion from 'double' to 'float', possible loss of data
C:\Dev\GitRepos\Voxel-Pollution\Client\src\application.cpp(210,23): warning C4244: 'initializing': conversion from 'double' to 'float', possible loss of data
C:\Dev\GitRepos\Voxel-Pollution\Client\src\application.cpp(211,17): warning C4244: '=': conversion from 'double' to 'float', possible loss of data
C:\Dev\GitRepos\Voxel-Pollution\Client\src\application.cpp(212,17): warning C4244: '=': conversion from 'double' to 'float', possible loss of data
  camera.cpp
  crosshair.cpp
  display.cpp
  game_scene.cpp
C:\Dev\GitRepos\Voxel-Pollution\Client\src\gui\game_scene.cpp(19,33): warning C4305: 'argument': truncation from 'double' to 'float'
C:\Dev\GitRepos\Voxel-Pollution\Client\src\gui\game_scene.cpp(39,33): warning C4305: 'argument': truncation from 'double' to 'float'
C:\Dev\GitRepos\Voxel-Pollution\Client\src\gui\game_scene.cpp(56,41): warning C4305: 'argument': truncation from 'double' to 'float'
C:\Dev\GitRepos\Voxel-Pollution\Client\src\gui\game_scene.cpp(83,33): warning C4305: 'argument': truncation from 'double' to 'float'
C:\Dev\GitRepos\Voxel-Pollution\Client\src\gui\game_scene.cpp(94,37): warning C4305: 'argument': truncation from 'double' to 'float'
  gui.cpp
  pause_scene.cpp
C:\Dev\GitRepos\Voxel-Pollution\Client\src\gui\pause_scene.cpp(213,62): warning C4305: 'argument': truncation from 'double' to 'float'
  save_select_scene.cpp
  main.cpp
  player.cpp
C:\Dev\GitRepos\Voxel-Pollution\Client\src\player.cpp(9,26): warning C4305: 'initializing': truncation from 'double' to 'float'
C:\Dev\GitRepos\Voxel-Pollution\Client\src\player.cpp(136,52): warning C4267: '=': conversion from 'size_t' to 'uint32_t', possible loss of data
  Generating Code...
LINK : warning LNK4098: defaultlib 'MSVCRT' conflicts with use of other libs; use /NODEFAULTLIB:library
  Client.vcxproj -> C:\Dev\GitRepos\Voxel-Pollution\build\bin\Debug\Client.exe
  'pwsh.exe' is not recognized as an internal or external command,
  operable program or batch file.
