c:\dev\gitrepos\voxel-pollution\build\obj\client\debug\vc145.pdb
c:\dev\gitrepos\voxel-pollution\build\obj\client\debug\vc145.idb
c:\dev\gitrepos\voxel-pollution\build\obj\client\debug\resource.obj
c:\dev\gitrepos\voxel-pollution\build\obj\client\debug\player.obj
c:\dev\gitrepos\voxel-pollution\build\obj\client\debug\persistence.obj
c:\dev\gitrepos\voxel-pollution\build\obj\client\debug\main.obj
c:\dev\gitrepos\voxel-pollution\build\obj\client\debug\pause_scene.obj
c:\dev\gitrepos\voxel-pollution\build\obj\client\debug\gui.obj
c:\dev\gitrepos\voxel-pollution\build\obj\client\debug\game_scene.obj
c:\dev\gitrepos\voxel-pollution\build\obj\client\debug\skybox.obj
c:\dev\gitrepos\voxel-pollution\build\obj\client\debug\flora_vertex.obj
c:\dev\gitrepos\voxel-pollution\build\obj\client\debug\display.obj
c:\dev\gitrepos\voxel-pollution\build\obj\client\debug\crosshair.obj
c:\dev\gitrepos\voxel-pollution\build\obj\client\debug\block_vertex.obj
c:\dev\gitrepos\voxel-pollution\build\obj\client\debug\block_outline.obj
c:\dev\gitrepos\voxel-pollution\build\obj\client\debug\texture.obj
c:\dev\gitrepos\voxel-pollution\build\obj\client\debug\shader.obj
c:\dev\gitrepos\voxel-pollution\build\obj\client\debug\mesh.obj
c:\dev\gitrepos\voxel-pollution\build\obj\client\debug\framebuffer.obj
c:\dev\gitrepos\voxel-pollution\build\obj\client\debug\common.obj
c:\dev\gitrepos\voxel-pollution\build\obj\client\debug\camera.obj
c:\dev\gitrepos\voxel-pollution\build\obj\client\debug\application.obj
c:\dev\gitrepos\voxel-pollution\build\obj\client\debug\world_generator.obj
c:\dev\gitrepos\voxel-pollution\build\obj\client\debug\world.obj
c:\dev\gitrepos\voxel-pollution\build\obj\client\debug\wind_system.obj
c:\dev\gitrepos\voxel-pollution\build\obj\client\debug\pollution_system.obj
c:\dev\gitrepos\voxel-pollution\build\obj\client\debug\chunk.obj
c:\dev\gitrepos\voxel-pollution\build\obj\client\debug\block.obj
c:\dev\gitrepos\voxel-pollution\build\obj\client\debug\game_manager.obj
c:\dev\gitrepos\voxel-pollution\build\obj\client\debug\save_system.obj
c:\dev\gitrepos\voxel-pollution\build\obj\client\debug\save_select_scene.obj
c:\dev\gitrepos\voxel-pollution\build\obj\client\debug\smoke_volume_renderer.obj
c:\dev\gitrepos\voxel-pollution\build\bin\debug\client.exe
c:\dev\gitrepos\voxel-pollution\build\bin\debug\client.pdb
c:\dev\gitrepos\voxel-pollution\build\obj\client\debug\client.ilk
c:\dev\gitrepos\voxel-pollution\build\obj\client\debug\pollution_field_cache.obj
c:\dev\gitrepos\voxel-pollution\build\obj\client\debug\smoke_visualizer.obj
c:\dev\gitrepos\voxel-pollution\build\obj\client\debug\smoke_voxel_renderer.obj
c:\dev\gitrepos\voxel-pollution\build\obj\client\debug\client.vcxproj.filelistabsolute.txt
c:\dev\gitrepos\voxel-pollution\build\obj\client\debug\client.tlog\cl.command.1.tlog
c:\dev\gitrepos\voxel-pollution\build\obj\client\debug\client.tlog\cl.items.tlog
c:\dev\gitrepos\voxel-pollution\build\obj\client\debug\client.tlog\cl.read.1.tlog
c:\dev\gitrepos\voxel-pollution\build\obj\client\debug\client.tlog\cl.write.1.tlog
c:\dev\gitrepos\voxel-pollution\build\obj\client\debug\client.tlog\link.command.1.tlog
c:\dev\gitrepos\voxel-pollution\build\obj\client\debug\client.tlog\link.read.1.tlog
c:\dev\gitrepos\voxel-pollution\build\obj\client\debug\client.tlog\link.secondary.1.tlog
c:\dev\gitrepos\voxel-pollution\build\obj\client\debug\client.tlog\link.write.1.tlog
