C:\Program Files\Microsoft Visual Studio\18\Community\MSBuild\Microsoft\VC\v180\Microsoft.CppBuild.targets(1139,5): warning MSB8027: Two or more files with the name of menu.cpp will produce outputs to the same location. This can lead to an incorrect build result.  The files involved are src\frontend\menu.cpp, src\graphics\ui\elements\Menu.cpp.
  assetload_funcs.cpp
\src\assets\assetload_funcs.cpp(1,1): error C1083: Cannot open source file: 'src\assets\assetload_funcs.cpp': No such file or directory
  (compiling source file '/src/assets/assetload_funcs.cpp')
  
  Assets.cpp
\src\assets\Assets.cpp(1,1): error C1083: Cannot open source file: 'src\assets\Assets.cpp': No such file or directory
  (compiling source file '/src/assets/Assets.cpp')
  
  AssetsLoader.cpp
\src\assets\AssetsLoader.cpp(1,1): error C1083: Cannot open source file: 'src\assets\AssetsLoader.cpp': No such file or directory
  (compiling source file '/src/assets/AssetsLoader.cpp')
  
  assets_util.cpp
\src\assets\assets_util.cpp(1,1): error C1083: Cannot open source file: 'src\assets\assets_util.cpp': No such file or directory
  (compiling source file '/src/assets/assets_util.cpp')
  
  ALAudio.cpp
\src\audio\AL\ALAudio.cpp(1,1): error C1083: Cannot open source file: 'src\audio\AL\ALAudio.cpp': No such file or directory
  (compiling source file '/src/audio/AL/ALAudio.cpp')
  
  alutil.cpp
\src\audio\AL\alutil.cpp(1,1): error C1083: Cannot open source file: 'src\audio\AL\alutil.cpp': No such file or directory
  (compiling source file '/src/audio/AL/alutil.cpp')
  
  audio.cpp
\src\audio\audio.cpp(1,1): error C1083: Cannot open source file: 'src\audio\audio.cpp': No such file or directory
  (compiling source file '/src/audio/audio.cpp')
  
  MemoryPCMStream.cpp
\src\audio\MemoryPCMStream.cpp(1,1): error C1083: Cannot open source file: 'src\audio\MemoryPCMStream.cpp': No such file or directory
  (compiling source file '/src/audio/MemoryPCMStream.cpp')
  
  NoAudio.cpp
\src\audio\NoAudio.cpp(1,1): error C1083: Cannot open source file: 'src\audio\NoAudio.cpp': No such file or directory
  (compiling source file '/src/audio/NoAudio.cpp')
  
  binary_json.cpp
\src\coders\binary_json.cpp(1,1): error C1083: Cannot open source file: 'src\coders\binary_json.cpp': No such file or directory
  (compiling source file '/src/coders/binary_json.cpp')
  
  byte_utils.cpp
\src\coders\byte_utils.cpp(1,1): error C1083: Cannot open source file: 'src\coders\byte_utils.cpp': No such file or directory
  (compiling source file '/src/coders/byte_utils.cpp')
  
  commons.cpp
\src\coders\commons.cpp(1,1): error C1083: Cannot open source file: 'src\coders\commons.cpp': No such file or directory
  (compiling source file '/src/coders/commons.cpp')
  
  compression.cpp
\src\coders\compression.cpp(1,1): error C1083: Cannot open source file: 'src\coders\compression.cpp': No such file or directory
  (compiling source file '/src/coders/compression.cpp')
  
  GLSLExtension.cpp
\src\coders\GLSLExtension.cpp(1,1): error C1083: Cannot open source file: 'src\coders\GLSLExtension.cpp': No such file or directory
  (compiling source file '/src/coders/GLSLExtension.cpp')
  
  gzip.cpp
\src\coders\gzip.cpp(1,1): error C1083: Cannot open source file: 'src\coders\gzip.cpp': No such file or directory
  (compiling source file '/src/coders/gzip.cpp')
  
  imageio.cpp
\src\coders\imageio.cpp(1,1): error C1083: Cannot open source file: 'src\coders\imageio.cpp': No such file or directory
  (compiling source file '/src/coders/imageio.cpp')
  
  json.cpp
\src\coders\json.cpp(1,1): error C1083: Cannot open source file: 'src\coders\json.cpp': No such file or directory
  (compiling source file '/src/coders/json.cpp')
  
  obj.cpp
\src\coders\obj.cpp(1,1): error C1083: Cannot open source file: 'src\coders\obj.cpp': No such file or directory
  (compiling source file '/src/coders/obj.cpp')
  
  ogg.cpp
\src\coders\ogg.cpp(1,1): error C1083: Cannot open source file: 'src\coders\ogg.cpp': No such file or directory
  (compiling source file '/src/coders/ogg.cpp')
  
  png.cpp
\src\coders\png.cpp(1,1): error C1083: Cannot open source file: 'src\coders\png.cpp': No such file or directory
  (compiling source file '/src/coders/png.cpp')
  
  Generating Code...
  Compiling...
  rle.cpp
\src\coders\rle.cpp(1,1): error C1083: Cannot open source file: 'src\coders\rle.cpp': No such file or directory
  (compiling source file '/src/coders/rle.cpp')
  
  syntax_parser.cpp
\src\coders\syntax_parser.cpp(1,1): error C1083: Cannot open source file: 'src\coders\syntax_parser.cpp': No such file or directory
  (compiling source file '/src/coders/syntax_parser.cpp')
  
  toml.cpp
\src\coders\toml.cpp(1,1): error C1083: Cannot open source file: 'src\coders\toml.cpp': No such file or directory
  (compiling source file '/src/coders/toml.cpp')
  
  vcm.cpp
\src\coders\vcm.cpp(1,1): error C1083: Cannot open source file: 'src\coders\vcm.cpp': No such file or directory
  (compiling source file '/src/coders/vcm.cpp')
  
  vec3.cpp
\src\coders\vec3.cpp(1,1): error C1083: Cannot open source file: 'src\coders\vec3.cpp': No such file or directory
  (compiling source file '/src/coders/vec3.cpp')
  
  wav.cpp
\src\coders\wav.cpp(1,1): error C1083: Cannot open source file: 'src\coders\wav.cpp': No such file or directory
  (compiling source file '/src/coders/wav.cpp')
  
  xml.cpp
\src\coders\xml.cpp(1,1): error C1083: Cannot open source file: 'src\coders\xml.cpp': No such file or directory
  (compiling source file '/src/coders/xml.cpp')
  
  yaml.cpp
\src\coders\yaml.cpp(1,1): error C1083: Cannot open source file: 'src\coders\yaml.cpp': No such file or directory
  (compiling source file '/src/coders/yaml.cpp')
  
  Content.cpp
\src\content\Content.cpp(1,1): error C1083: Cannot open source file: 'src\content\Content.cpp': No such file or directory
  (compiling source file '/src/content/Content.cpp')
  
  ContentBuilder.cpp
\src\content\ContentBuilder.cpp(1,1): error C1083: Cannot open source file: 'src\content\ContentBuilder.cpp': No such file or directory
  (compiling source file '/src/content/ContentBuilder.cpp')
  
  ContentControl.cpp
\src\content\ContentControl.cpp(1,1): error C1083: Cannot open source file: 'src\content\ContentControl.cpp': No such file or directory
  (compiling source file '/src/content/ContentControl.cpp')
  
  ContentLoader.cpp
\src\content\ContentLoader.cpp(1,1): error C1083: Cannot open source file: 'src\content\ContentLoader.cpp': No such file or directory
  (compiling source file '/src/content/ContentLoader.cpp')
  
  ContentPack.cpp
\src\content\ContentPack.cpp(1,1): error C1083: Cannot open source file: 'src\content\ContentPack.cpp': No such file or directory
  (compiling source file '/src/content/ContentPack.cpp')
  
  ContentPackVersion.cpp
\src\content\ContentPackVersion.cpp(1,1): error C1083: Cannot open source file: 'src\content\ContentPackVersion.cpp': No such file or directory
  (compiling source file '/src/content/ContentPackVersion.cpp')
  
  ContentReport.cpp
\src\content\ContentReport.cpp(1,1): error C1083: Cannot open source file: 'src\content\ContentReport.cpp': No such file or directory
  (compiling source file '/src/content/ContentReport.cpp')
  
  BlockLoader.cpp
\src\content\loading\BlockLoader.cpp(1,1): error C1083: Cannot open source file: 'src\content\loading\BlockLoader.cpp': No such file or directory
  (compiling source file '/src/content/loading/BlockLoader.cpp')
  
  EntityLoader.cpp
\src\content\loading\EntityLoader.cpp(1,1): error C1083: Cannot open source file: 'src\content\loading\EntityLoader.cpp': No such file or directory
  (compiling source file '/src/content/loading/EntityLoader.cpp')
  
  GeneratorLoader.cpp
\src\content\loading\GeneratorLoader.cpp(1,1): error C1083: Cannot open source file: 'src\content\loading\GeneratorLoader.cpp': No such file or directory
  (compiling source file '/src/content/loading/GeneratorLoader.cpp')
  
  ItemLoader.cpp
\src\content\loading\ItemLoader.cpp(1,1): error C1083: Cannot open source file: 'src\content\loading\ItemLoader.cpp': No such file or directory
  (compiling source file '/src/content/loading/ItemLoader.cpp')
  
  PacksManager.cpp
\src\content\PacksManager.cpp(1,1): error C1083: Cannot open source file: 'src\content\PacksManager.cpp': No such file or directory
  (compiling source file '/src/content/PacksManager.cpp')
  
  Generating Code...
  Compiling...
  dv.cpp
\src\data\dv.cpp(1,1): error C1083: Cannot open source file: 'src\data\dv.cpp': No such file or directory
  (compiling source file '/src/data/dv.cpp')
  
  setting.cpp
\src\data\setting.cpp(1,1): error C1083: Cannot open source file: 'src\data\setting.cpp': No such file or directory
  (compiling source file '/src/data/setting.cpp')
  
  StructLayout.cpp
\src\data\StructLayout.cpp(1,1): error C1083: Cannot open source file: 'src\data\StructLayout.cpp': No such file or directory
  (compiling source file '/src/data/StructLayout.cpp')
  
  Logger.cpp
\src\debug\Logger.cpp(1,1): error C1083: Cannot open source file: 'src\debug\Logger.cpp': No such file or directory
  (compiling source file '/src/debug/Logger.cpp')
  
  DebuggingServer.cpp
\src\devtools\DebuggingServer.cpp(1,1): error C1083: Cannot open source file: 'src\devtools\DebuggingServer.cpp': No such file or directory
  (compiling source file '/src/devtools/DebuggingServer.cpp')
  
  Editor.cpp
\src\devtools\Editor.cpp(1,1): error C1083: Cannot open source file: 'src\devtools\Editor.cpp': No such file or directory
  (compiling source file '/src/devtools/Editor.cpp')
  
  Project.cpp
\src\devtools\Project.cpp(1,1): error C1083: Cannot open source file: 'src\devtools\Project.cpp': No such file or directory
  (compiling source file '/src/devtools/Project.cpp')
  
  SyntaxProcessor.cpp
\src\devtools\SyntaxProcessor.cpp(1,1): error C1083: Cannot open source file: 'src\devtools\SyntaxProcessor.cpp': No such file or directory
  (compiling source file '/src/devtools/SyntaxProcessor.cpp')
  
  AssetsManagement.cpp
\src\engine\AssetsManagement.cpp(1,1): error C1083: Cannot open source file: 'src\engine\AssetsManagement.cpp': No such file or directory
  (compiling source file '/src/engine/AssetsManagement.cpp')
  
  Engine.cpp
\src\engine\Engine.cpp(1,1): error C1083: Cannot open source file: 'src\engine\Engine.cpp': No such file or directory
  (compiling source file '/src/engine/Engine.cpp')
  
  EnginePaths.cpp
\src\engine\EnginePaths.cpp(1,1): error C1083: Cannot open source file: 'src\engine\EnginePaths.cpp': No such file or directory
  (compiling source file '/src/engine/EnginePaths.cpp')
  
  Mainloop.cpp
\src\engine\Mainloop.cpp(1,1): error C1083: Cannot open source file: 'src\engine\Mainloop.cpp': No such file or directory
  (compiling source file '/src/engine/Mainloop.cpp')
  
  ServerMainloop.cpp
\src\engine\ServerMainloop.cpp(1,1): error C1083: Cannot open source file: 'src\engine\ServerMainloop.cpp': No such file or directory
  (compiling source file '/src/engine/ServerMainloop.cpp')
  
  WindowControl.cpp
\src\engine\WindowControl.cpp(1,1): error C1083: Cannot open source file: 'src\engine\WindowControl.cpp': No such file or directory
  (compiling source file '/src/engine/WindowControl.cpp')
  
  ContentGfxCache.cpp
\src\frontend\ContentGfxCache.cpp(1,1): error C1083: Cannot open source file: 'src\frontend\ContentGfxCache.cpp': No such file or directory
  (compiling source file '/src/frontend/ContentGfxCache.cpp')
  
  debug_panel.cpp
\src\frontend\debug_panel.cpp(1,1): error C1083: Cannot open source file: 'src\frontend\debug_panel.cpp': No such file or directory
  (compiling source file '/src/frontend/debug_panel.cpp')
  
  hud.cpp
\src\frontend\hud.cpp(1,1): error C1083: Cannot open source file: 'src\frontend\hud.cpp': No such file or directory
  (compiling source file '/src/frontend/hud.cpp')
  
  LevelFrontend.cpp
\src\frontend\LevelFrontend.cpp(1,1): error C1083: Cannot open source file: 'src\frontend\LevelFrontend.cpp': No such file or directory
  (compiling source file '/src/frontend/LevelFrontend.cpp')
  
  locale.cpp
\src\frontend\locale.cpp(1,1): error C1083: Cannot open source file: 'src\frontend\locale.cpp': No such file or directory
  (compiling source file '/src/frontend/locale.cpp')
  
  menu.cpp
\src\frontend\menu.cpp(1,1): error C1083: Cannot open source file: 'src\frontend\menu.cpp': No such file or directory
  (compiling source file '/src/frontend/menu.cpp')
  
  Generating Code...
  Compiling...
  LevelScreen.cpp
\src\frontend\screens\LevelScreen.cpp(1,1): error C1083: Cannot open source file: 'src\frontend\screens\LevelScreen.cpp': No such file or directory
  (compiling source file '/src/frontend/screens/LevelScreen.cpp')
  
  MenuScreen.cpp
\src\frontend\screens\MenuScreen.cpp(1,1): error C1083: Cannot open source file: 'src\frontend\screens\MenuScreen.cpp': No such file or directory
  (compiling source file '/src/frontend/screens/MenuScreen.cpp')
  
  Screen.cpp
\src\frontend\screens\Screen.cpp(1,1): error C1083: Cannot open source file: 'src\frontend\screens\Screen.cpp': No such file or directory
  (compiling source file '/src/frontend/screens/Screen.cpp')
  
  UiDocument.cpp
\src\frontend\UiDocument.cpp(1,1): error C1083: Cannot open source file: 'src\frontend\UiDocument.cpp': No such file or directory
  (compiling source file '/src/frontend/UiDocument.cpp')
  
  FontStyle.cpp
\src\graphics\commons\FontStyle.cpp(1,1): error C1083: Cannot open source file: 'src\graphics\commons\FontStyle.cpp': No such file or directory
  (compiling source file '/src/graphics/commons/FontStyle.cpp')
  
  Model.cpp
\src\graphics\commons\Model.cpp(1,1): error C1083: Cannot open source file: 'src\graphics\commons\Model.cpp': No such file or directory
  (compiling source file '/src/graphics/commons/Model.cpp')
  
  Atlas.cpp
\src\graphics\core\Atlas.cpp(1,1): error C1083: Cannot open source file: 'src\graphics\core\Atlas.cpp': No such file or directory
  (compiling source file '/src/graphics/core/Atlas.cpp')
  
  Batch2D.cpp
\src\graphics\core\Batch2D.cpp(1,1): error C1083: Cannot open source file: 'src\graphics\core\Batch2D.cpp': No such file or directory
  (compiling source file '/src/graphics/core/Batch2D.cpp')
  
  Batch3D.cpp
\src\graphics\core\Batch3D.cpp(1,1): error C1083: Cannot open source file: 'src\graphics\core\Batch3D.cpp': No such file or directory
  (compiling source file '/src/graphics/core/Batch3D.cpp')
  
  Cubemap.cpp
\src\graphics\core\Cubemap.cpp(1,1): error C1083: Cannot open source file: 'src\graphics\core\Cubemap.cpp': No such file or directory
  (compiling source file '/src/graphics/core/Cubemap.cpp')
  
  DrawContext.cpp
\src\graphics\core\DrawContext.cpp(1,1): error C1083: Cannot open source file: 'src\graphics\core\DrawContext.cpp': No such file or directory
  (compiling source file '/src/graphics/core/DrawContext.cpp')
  
  Font.cpp
\src\graphics\core\Font.cpp(1,1): error C1083: Cannot open source file: 'src\graphics\core\Font.cpp': No such file or directory
  (compiling source file '/src/graphics/core/Font.cpp')
  
  Framebuffer.cpp
\src\graphics\core\Framebuffer.cpp(1,1): error C1083: Cannot open source file: 'src\graphics\core\Framebuffer.cpp': No such file or directory
  (compiling source file '/src/graphics/core/Framebuffer.cpp')
  
  GBuffer.cpp
\src\graphics\core\GBuffer.cpp(1,1): error C1083: Cannot open source file: 'src\graphics\core\GBuffer.cpp': No such file or directory
  (compiling source file '/src/graphics/core/GBuffer.cpp')
  
  ImageData.cpp
\src\graphics\core\ImageData.cpp(1,1): error C1083: Cannot open source file: 'src\graphics\core\ImageData.cpp': No such file or directory
  (compiling source file '/src/graphics/core/ImageData.cpp')
  
  LineBatch.cpp
\src\graphics\core\LineBatch.cpp(1,1): error C1083: Cannot open source file: 'src\graphics\core\LineBatch.cpp': No such file or directory
  (compiling source file '/src/graphics/core/LineBatch.cpp')
  
  Mesh.cpp
\src\graphics\core\Mesh.cpp(1,1): error C1083: Cannot open source file: 'src\graphics\core\Mesh.cpp': No such file or directory
  (compiling source file '/src/graphics/core/Mesh.cpp')
  
  PostEffect.cpp
\src\graphics\core\PostEffect.cpp(1,1): error C1083: Cannot open source file: 'src\graphics\core\PostEffect.cpp': No such file or directory
  (compiling source file '/src/graphics/core/PostEffect.cpp')
  
  PostProcessing.cpp
\src\graphics\core\PostProcessing.cpp(1,1): error C1083: Cannot open source file: 'src\graphics\core\PostProcessing.cpp': No such file or directory
  (compiling source file '/src/graphics/core/PostProcessing.cpp')
  
  Shader.cpp
\src\graphics\core\Shader.cpp(1,1): error C1083: Cannot open source file: 'src\graphics\core\Shader.cpp': No such file or directory
  (compiling source file '/src/graphics/core/Shader.cpp')
  
  Generating Code...
  Compiling...
  Shadows.cpp
\src\graphics\core\Shadows.cpp(1,1): error C1083: Cannot open source file: 'src\graphics\core\Shadows.cpp': No such file or directory
  (compiling source file '/src/graphics/core/Shadows.cpp')
  
  Texture.cpp
\src\graphics\core\Texture.cpp(1,1): error C1083: Cannot open source file: 'src\graphics\core\Texture.cpp': No such file or directory
  (compiling source file '/src/graphics/core/Texture.cpp')
  
  TextureAnimation.cpp
\src\graphics\core\TextureAnimation.cpp(1,1): error C1083: Cannot open source file: 'src\graphics\core\TextureAnimation.cpp': No such file or directory
  (compiling source file '/src/graphics/core/TextureAnimation.cpp')
  
  BlocksPreview.cpp
\src\graphics\render\BlocksPreview.cpp(1,1): error C1083: Cannot open source file: 'src\graphics\render\BlocksPreview.cpp': No such file or directory
  (compiling source file '/src/graphics/render/BlocksPreview.cpp')
  
  BlocksRenderer.cpp
\src\graphics\render\BlocksRenderer.cpp(1,1): error C1083: Cannot open source file: 'src\graphics\render\BlocksRenderer.cpp': No such file or directory
  (compiling source file '/src/graphics/render/BlocksRenderer.cpp')
  
  BlockWrapsRenderer.cpp
\src\graphics\render\BlockWrapsRenderer.cpp(1,1): error C1083: Cannot open source file: 'src\graphics\render\BlockWrapsRenderer.cpp': No such file or directory
  (compiling source file '/src/graphics/render/BlockWrapsRenderer.cpp')
  
  ChunksRenderer.cpp
\src\graphics\render\ChunksRenderer.cpp(1,1): error C1083: Cannot open source file: 'src\graphics\render\ChunksRenderer.cpp': No such file or directory
  (compiling source file '/src/graphics/render/ChunksRenderer.cpp')
  
  DebugLinesRenderer.cpp
\src\graphics\render\DebugLinesRenderer.cpp(1,1): error C1083: Cannot open source file: 'src\graphics\render\DebugLinesRenderer.cpp': No such file or directory
  (compiling source file '/src/graphics/render/DebugLinesRenderer.cpp')
  
  Decorator.cpp
\src\graphics\render\Decorator.cpp(1,1): error C1083: Cannot open source file: 'src\graphics\render\Decorator.cpp': No such file or directory
  (compiling source file '/src/graphics/render/Decorator.cpp')
  
  Emitter.cpp
\src\graphics\render\Emitter.cpp(1,1): error C1083: Cannot open source file: 'src\graphics\render\Emitter.cpp': No such file or directory
  (compiling source file '/src/graphics/render/Emitter.cpp')
  
  HandsRenderer.cpp
\src\graphics\render\HandsRenderer.cpp(1,1): error C1083: Cannot open source file: 'src\graphics\render\HandsRenderer.cpp': No such file or directory
  (compiling source file '/src/graphics/render/HandsRenderer.cpp')
  
  LinesRenderer.cpp
\src\graphics\render\LinesRenderer.cpp(1,1): error C1083: Cannot open source file: 'src\graphics\render\LinesRenderer.cpp': No such file or directory
  (compiling source file '/src/graphics/render/LinesRenderer.cpp')
  
  MainBatch.cpp
\src\graphics\render\MainBatch.cpp(1,1): error C1083: Cannot open source file: 'src\graphics\render\MainBatch.cpp': No such file or directory
  (compiling source file '/src/graphics/render/MainBatch.cpp')
  
  ModelBatch.cpp
\src\graphics\render\ModelBatch.cpp(1,1): error C1083: Cannot open source file: 'src\graphics\render\ModelBatch.cpp': No such file or directory
  (compiling source file '/src/graphics/render/ModelBatch.cpp')
  
  ModelsGenerator.cpp
\src\graphics\render\ModelsGenerator.cpp(1,1): error C1083: Cannot open source file: 'src\graphics\render\ModelsGenerator.cpp': No such file or directory
  (compiling source file '/src/graphics/render/ModelsGenerator.cpp')
  
  NamedSkeletons.cpp
\src\graphics\render\NamedSkeletons.cpp(1,1): error C1083: Cannot open source file: 'src\graphics\render\NamedSkeletons.cpp': No such file or directory
  (compiling source file '/src/graphics/render/NamedSkeletons.cpp')
  
  ParticlesRenderer.cpp
\src\graphics\render\ParticlesRenderer.cpp(1,1): error C1083: Cannot open source file: 'src\graphics\render\ParticlesRenderer.cpp': No such file or directory
  (compiling source file '/src/graphics/render/ParticlesRenderer.cpp')
  
  PrecipitationRenderer.cpp
\src\graphics\render\PrecipitationRenderer.cpp(1,1): error C1083: Cannot open source file: 'src\graphics\render\PrecipitationRenderer.cpp': No such file or directory
  (compiling source file '/src/graphics/render/PrecipitationRenderer.cpp')
  
  Skybox.cpp
\src\graphics\render\Skybox.cpp(1,1): error C1083: Cannot open source file: 'src\graphics\render\Skybox.cpp': No such file or directory
  (compiling source file '/src/graphics/render/Skybox.cpp')
  
  TextNote.cpp
\src\graphics\render\TextNote.cpp(1,1): error C1083: Cannot open source file: 'src\graphics\render\TextNote.cpp': No such file or directory
  (compiling source file '/src/graphics/render/TextNote.cpp')
  
  Generating Code...
  Compiling...
  TextsRenderer.cpp
\src\graphics\render\TextsRenderer.cpp(1,1): error C1083: Cannot open source file: 'src\graphics\render\TextsRenderer.cpp': No such file or directory
  (compiling source file '/src/graphics/render/TextsRenderer.cpp')
  
  WorldRenderer.cpp
\src\graphics\render\WorldRenderer.cpp(1,1): error C1083: Cannot open source file: 'src\graphics\render\WorldRenderer.cpp': No such file or directory
  (compiling source file '/src/graphics/render/WorldRenderer.cpp')
  
  Button.cpp
\src\graphics\ui\elements\Button.cpp(1,1): error C1083: Cannot open source file: 'src\graphics\ui\elements\Button.cpp': No such file or directory
  (compiling source file '/src/graphics/ui/elements/Button.cpp')
  
  Canvas.cpp
\src\graphics\ui\elements\Canvas.cpp(1,1): error C1083: Cannot open source file: 'src\graphics\ui\elements\Canvas.cpp': No such file or directory
  (compiling source file '/src/graphics/ui/elements/Canvas.cpp')
  
  CheckBox.cpp
\src\graphics\ui\elements\CheckBox.cpp(1,1): error C1083: Cannot open source file: 'src\graphics\ui\elements\CheckBox.cpp': No such file or directory
  (compiling source file '/src/graphics/ui/elements/CheckBox.cpp')
  
  Container.cpp
\src\graphics\ui\elements\Container.cpp(1,1): error C1083: Cannot open source file: 'src\graphics\ui\elements\Container.cpp': No such file or directory
  (compiling source file '/src/graphics/ui/elements/Container.cpp')
  
  Image.cpp
\src\graphics\ui\elements\Image.cpp(1,1): error C1083: Cannot open source file: 'src\graphics\ui\elements\Image.cpp': No such file or directory
  (compiling source file '/src/graphics/ui/elements/Image.cpp')
  
  InlineFrame.cpp
\src\graphics\ui\elements\InlineFrame.cpp(1,1): error C1083: Cannot open source file: 'src\graphics\ui\elements\InlineFrame.cpp': No such file or directory
  (compiling source file '/src/graphics/ui/elements/InlineFrame.cpp')
  
  InputBindBox.cpp
\src\graphics\ui\elements\InputBindBox.cpp(1,1): error C1083: Cannot open source file: 'src\graphics\ui\elements\InputBindBox.cpp': No such file or directory
  (compiling source file '/src/graphics/ui/elements/InputBindBox.cpp')
  
  InventoryView.cpp
\src\graphics\ui\elements\InventoryView.cpp(1,1): error C1083: Cannot open source file: 'src\graphics\ui\elements\InventoryView.cpp': No such file or directory
  (compiling source file '/src/graphics/ui/elements/InventoryView.cpp')
  
  Label.cpp
\src\graphics\ui\elements\Label.cpp(1,1): error C1083: Cannot open source file: 'src\graphics\ui\elements\Label.cpp': No such file or directory
  (compiling source file '/src/graphics/ui/elements/Label.cpp')
  
  Menu.cpp
\src\graphics\ui\elements\Menu.cpp(1,1): error C1083: Cannot open source file: 'src\graphics\ui\elements\Menu.cpp': No such file or directory
  (compiling source file '/src/graphics/ui/elements/Menu.cpp')
  
  ModelViewer.cpp
\src\graphics\ui\elements\ModelViewer.cpp(1,1): error C1083: Cannot open source file: 'src\graphics\ui\elements\ModelViewer.cpp': No such file or directory
  (compiling source file '/src/graphics/ui/elements/ModelViewer.cpp')
  
  Panel.cpp
\src\graphics\ui\elements\Panel.cpp(1,1): error C1083: Cannot open source file: 'src\graphics\ui\elements\Panel.cpp': No such file or directory
  (compiling source file '/src/graphics/ui/elements/Panel.cpp')
  
  Plotter.cpp
\src\graphics\ui\elements\Plotter.cpp(1,1): error C1083: Cannot open source file: 'src\graphics\ui\elements\Plotter.cpp': No such file or directory
  (compiling source file '/src/graphics/ui/elements/Plotter.cpp')
  
  SelectBox.cpp
\src\graphics\ui\elements\SelectBox.cpp(1,1): error C1083: Cannot open source file: 'src\graphics\ui\elements\SelectBox.cpp': No such file or directory
  (compiling source file '/src/graphics/ui/elements/SelectBox.cpp')
  
  SplitBox.cpp
\src\graphics\ui\elements\SplitBox.cpp(1,1): error C1083: Cannot open source file: 'src\graphics\ui\elements\SplitBox.cpp': No such file or directory
  (compiling source file '/src/graphics/ui/elements/SplitBox.cpp')
  
  TextBox.cpp
\src\graphics\ui\elements\TextBox.cpp(1,1): error C1083: Cannot open source file: 'src\graphics\ui\elements\TextBox.cpp': No such file or directory
  (compiling source file '/src/graphics/ui/elements/TextBox.cpp')
  
  TrackBar.cpp
\src\graphics\ui\elements\TrackBar.cpp(1,1): error C1083: Cannot open source file: 'src\graphics\ui\elements\TrackBar.cpp': No such file or directory
  (compiling source file '/src/graphics/ui/elements/TrackBar.cpp')
  
  UINode.cpp
\src\graphics\ui\elements\UINode.cpp(1,1): error C1083: Cannot open source file: 'src\graphics\ui\elements\UINode.cpp': No such file or directory
  (compiling source file '/src/graphics/ui/elements/UINode.cpp')
  
  Generating Code...
  Compiling...
  GUI.cpp
\src\graphics\ui\GUI.cpp(1,1): error C1083: Cannot open source file: 'src\graphics\ui\GUI.cpp': No such file or directory
  (compiling source file '/src/graphics/ui/GUI.cpp')
  
  gui_util.cpp
\src\graphics\ui\gui_util.cpp(1,1): error C1083: Cannot open source file: 'src\graphics\ui\gui_util.cpp': No such file or directory
  (compiling source file '/src/graphics/ui/gui_util.cpp')
  
  gui_xml.cpp
\src\graphics\ui\gui_xml.cpp(1,1): error C1083: Cannot open source file: 'src\graphics\ui\gui_xml.cpp': No such file or directory
  (compiling source file '/src/graphics/ui/gui_xml.cpp')
  
  markdown.cpp
\src\graphics\ui\markdown.cpp(1,1): error C1083: Cannot open source file: 'src\graphics\ui\markdown.cpp': No such file or directory
  (compiling source file '/src/graphics/ui/markdown.cpp')
  
  Device.cpp
\src\io\devices\Device.cpp(1,1): error C1083: Cannot open source file: 'src\io\devices\Device.cpp': No such file or directory
  (compiling source file '/src/io/devices/Device.cpp')
  
  MemoryDevice.cpp
\src\io\devices\MemoryDevice.cpp(1,1): error C1083: Cannot open source file: 'src\io\devices\MemoryDevice.cpp': No such file or directory
  (compiling source file '/src/io/devices/MemoryDevice.cpp')
  
  StdfsDevice.cpp
\src\io\devices\StdfsDevice.cpp(1,1): error C1083: Cannot open source file: 'src\io\devices\StdfsDevice.cpp': No such file or directory
  (compiling source file '/src/io/devices/StdfsDevice.cpp')
  
  ZipFileDevice.cpp
\src\io\devices\ZipFileDevice.cpp(1,1): error C1083: Cannot open source file: 'src\io\devices\ZipFileDevice.cpp': No such file or directory
  (compiling source file '/src/io/devices/ZipFileDevice.cpp')
  
  io.cpp
\src\io\io.cpp(1,1): error C1083: Cannot open source file: 'src\io\io.cpp': No such file or directory
  (compiling source file '/src/io/io.cpp')
  
  path.cpp
\src\io\path.cpp(1,1): error C1083: Cannot open source file: 'src\io\path.cpp': No such file or directory
  (compiling source file '/src/io/path.cpp')
  
  settings_io.cpp
\src\io\settings_io.cpp(1,1): error C1083: Cannot open source file: 'src\io\settings_io.cpp': No such file or directory
  (compiling source file '/src/io/settings_io.cpp')
  
  Inventories.cpp
\src\items\Inventories.cpp(1,1): error C1083: Cannot open source file: 'src\items\Inventories.cpp': No such file or directory
  (compiling source file '/src/items/Inventories.cpp')
  
  Inventory.cpp
\src\items\Inventory.cpp(1,1): error C1083: Cannot open source file: 'src\items\Inventory.cpp': No such file or directory
  (compiling source file '/src/items/Inventory.cpp')
  
  ItemDef.cpp
\src\items\ItemDef.cpp(1,1): error C1083: Cannot open source file: 'src\items\ItemDef.cpp': No such file or directory
  (compiling source file '/src/items/ItemDef.cpp')
  
  ItemStack.cpp
\src\items\ItemStack.cpp(1,1): error C1083: Cannot open source file: 'src\items\ItemStack.cpp': No such file or directory
  (compiling source file '/src/items/ItemStack.cpp')
  
  Lighting.cpp
\src\lighting\Lighting.cpp(1,1): error C1083: Cannot open source file: 'src\lighting\Lighting.cpp': No such file or directory
  (compiling source file '/src/lighting/Lighting.cpp')
  
  Lightmap.cpp
\src\lighting\Lightmap.cpp(1,1): error C1083: Cannot open source file: 'src\lighting\Lightmap.cpp': No such file or directory
  (compiling source file '/src/lighting/Lightmap.cpp')
  
  LightSolver.cpp
\src\lighting\LightSolver.cpp(1,1): error C1083: Cannot open source file: 'src\lighting\LightSolver.cpp': No such file or directory
  (compiling source file '/src/lighting/LightSolver.cpp')
  
  BlocksController.cpp
\src\logic\BlocksController.cpp(1,1): error C1083: Cannot open source file: 'src\logic\BlocksController.cpp': No such file or directory
  (compiling source file '/src/logic/BlocksController.cpp')
  
  ChunksController.cpp
\src\logic\ChunksController.cpp(1,1): error C1083: Cannot open source file: 'src\logic\ChunksController.cpp': No such file or directory
  (compiling source file '/src/logic/ChunksController.cpp')
  
  Generating Code...
  Compiling...
  CommandsInterpreter.cpp
\src\logic\CommandsInterpreter.cpp(1,1): error C1083: Cannot open source file: 'src\logic\CommandsInterpreter.cpp': No such file or directory
  (compiling source file '/src/logic/CommandsInterpreter.cpp')
  
  EngineController.cpp
\src\logic\EngineController.cpp(1,1): error C1083: Cannot open source file: 'src\logic\EngineController.cpp': No such file or directory
  (compiling source file '/src/logic/EngineController.cpp')
  
  LevelController.cpp
\src\logic\LevelController.cpp(1,1): error C1083: Cannot open source file: 'src\logic\LevelController.cpp': No such file or directory
  (compiling source file '/src/logic/LevelController.cpp')
  
  PlayerController.cpp
\src\logic\PlayerController.cpp(1,1): error C1083: Cannot open source file: 'src\logic\PlayerController.cpp': No such file or directory
  (compiling source file '/src/logic/PlayerController.cpp')
  
  descriptors_manager.cpp
\src\logic\scripting\descriptors_manager.cpp(1,1): error C1083: Cannot open source file: 'src\logic\scripting\descriptors_manager.cpp': No such file or directory
  (compiling source file '/src/logic/scripting/descriptors_manager.cpp')
  
  scripting.cpp
\src\logic\scripting\scripting.cpp(1,1): error C1083: Cannot open source file: 'src\logic\scripting\scripting.cpp': No such file or directory
  (compiling source file '/src/logic/scripting/scripting.cpp')
  
  scripting_entities.cpp
\src\logic\scripting\scripting_entities.cpp(1,1): error C1083: Cannot open source file: 'src\logic\scripting\scripting_entities.cpp': No such file or directory
  (compiling source file '/src/logic/scripting/scripting_entities.cpp')
  
  scripting_functional.cpp
\src\logic\scripting\scripting_functional.cpp(1,1): error C1083: Cannot open source file: 'src\logic\scripting\scripting_functional.cpp': No such file or directory
  (compiling source file '/src/logic/scripting/scripting_functional.cpp')
  
  scripting_hud.cpp
\src\logic\scripting\scripting_hud.cpp(1,1): error C1083: Cannot open source file: 'src\logic\scripting\scripting_hud.cpp': No such file or directory
  (compiling source file '/src/logic/scripting/scripting_hud.cpp')
  
  scripting_world_generation.cpp
\src\logic\scripting\scripting_world_generation.cpp(1,1): error C1083: Cannot open source file: 'src\logic\scripting\scripting_world_generation.cpp': No such file or directory
  (compiling source file '/src/logic/scripting/scripting_world_generation.cpp')
  
  Heightmap.cpp
\src\maths\Heightmap.cpp(1,1): error C1083: Cannot open source file: 'src\maths\Heightmap.cpp': No such file or directory
  (compiling source file '/src/maths/Heightmap.cpp')
  
  LMPacker.cpp
\src\maths\LMPacker.cpp(1,1): error C1083: Cannot open source file: 'src\maths\LMPacker.cpp': No such file or directory
  (compiling source file '/src/maths/LMPacker.cpp')
  
  rays.cpp
\src\maths\rays.cpp(1,1): error C1083: Cannot open source file: 'src\maths\rays.cpp': No such file or directory
  (compiling source file '/src/maths/rays.cpp')
  
  Curl.cpp
\src\network\Curl.cpp(1,1): error C1083: Cannot open source file: 'src\network\Curl.cpp': No such file or directory
  (compiling source file '/src/network/Curl.cpp')
  
  Network.cpp
\src\network\Network.cpp(1,1): error C1083: Cannot open source file: 'src\network\Network.cpp': No such file or directory
  (compiling source file '/src/network/Network.cpp')
  
  Sockets.cpp
\src\network\Sockets.cpp(1,1): error C1083: Cannot open source file: 'src\network\Sockets.cpp': No such file or directory
  (compiling source file '/src/network/Sockets.cpp')
  
  Entities.cpp
\src\objects\Entities.cpp(1,1): error C1083: Cannot open source file: 'src\objects\Entities.cpp': No such file or directory
  (compiling source file '/src/objects/Entities.cpp')
  
  Entity.cpp
\src\objects\Entity.cpp(1,1): error C1083: Cannot open source file: 'src\objects\Entity.cpp': No such file or directory
  (compiling source file '/src/objects/Entity.cpp')
  
  EntityDef.cpp
\src\objects\EntityDef.cpp(1,1): error C1083: Cannot open source file: 'src\objects\EntityDef.cpp': No such file or directory
  (compiling source file '/src/objects/EntityDef.cpp')
  
  Player.cpp
\src\objects\Player.cpp(1,1): error C1083: Cannot open source file: 'src\objects\Player.cpp': No such file or directory
  (compiling source file '/src/objects/Player.cpp')
  
  Generating Code...
  Compiling...
  Players.cpp
\src\objects\Players.cpp(1,1): error C1083: Cannot open source file: 'src\objects\Players.cpp': No such file or directory
  (compiling source file '/src/objects/Players.cpp')
  
  rigging.cpp
\src\objects\rigging.cpp(1,1): error C1083: Cannot open source file: 'src\objects\rigging.cpp': No such file or directory
  (compiling source file '/src/objects/rigging.cpp')
  
  Rigidbody.cpp
\src\objects\Rigidbody.cpp(1,1): error C1083: Cannot open source file: 'src\objects\Rigidbody.cpp': No such file or directory
  (compiling source file '/src/objects/Rigidbody.cpp')
  
  Transform.cpp
\src\objects\Transform.cpp(1,1): error C1083: Cannot open source file: 'src\objects\Transform.cpp': No such file or directory
  (compiling source file '/src/objects/Transform.cpp')
  
  Hitbox.cpp
\src\physics\Hitbox.cpp(1,1): error C1083: Cannot open source file: 'src\physics\Hitbox.cpp': No such file or directory
  (compiling source file '/src/physics/Hitbox.cpp')
  
  PhysicsSolver.cpp
\src\physics\PhysicsSolver.cpp(1,1): error C1083: Cannot open source file: 'src\physics\PhysicsSolver.cpp': No such file or directory
  (compiling source file '/src/physics/PhysicsSolver.cpp')
  
  NotePreset.cpp
\src\presets\NotePreset.cpp(1,1): error C1083: Cannot open source file: 'src\presets\NotePreset.cpp': No such file or directory
  (compiling source file '/src/presets/NotePreset.cpp')
  
  ParticlesPreset.cpp
\src\presets\ParticlesPreset.cpp(1,1): error C1083: Cannot open source file: 'src\presets\ParticlesPreset.cpp': No such file or directory
  (compiling source file '/src/presets/ParticlesPreset.cpp')
  
  WeatherPreset.cpp
\src\presets\WeatherPreset.cpp(1,1): error C1083: Cannot open source file: 'src\presets\WeatherPreset.cpp': No such file or directory
  (compiling source file '/src/presets/WeatherPreset.cpp')
  
  Clock.cpp
\src\util\Clock.cpp(1,1): error C1083: Cannot open source file: 'src\util\Clock.cpp': No such file or directory
  (compiling source file '/src/util/Clock.cpp')
  
  command_line.cpp
\src\util\command_line.cpp(1,1): error C1083: Cannot open source file: 'src\util\command_line.cpp': No such file or directory
  (compiling source file '/src/util/command_line.cpp')
  
  platform.cpp
\src\util\platform.cpp(1,1): error C1083: Cannot open source file: 'src\util\platform.cpp': No such file or directory
  (compiling source file '/src/util/platform.cpp')
  
  platform_internal.cpp
\src\util\platform_internal.cpp(1,1): error C1083: Cannot open source file: 'src\util\platform_internal.cpp': No such file or directory
  (compiling source file '/src/util/platform_internal.cpp')
  
  random.cpp
\src\util\random.cpp(1,1): error C1083: Cannot open source file: 'src\util\random.cpp': No such file or directory
  (compiling source file '/src/util/random.cpp')
  
  stringutil.cpp
\src\util\stringutil.cpp(1,1): error C1083: Cannot open source file: 'src\util\stringutil.cpp': No such file or directory
  (compiling source file '/src/util/stringutil.cpp')
  
  timeutil.cpp
\src\util\timeutil.cpp(1,1): error C1083: Cannot open source file: 'src\util\timeutil.cpp': No such file or directory
  (compiling source file '/src/util/timeutil.cpp')
  
  Block.cpp
\src\voxels\Block.cpp(1,1): error C1083: Cannot open source file: 'src\voxels\Block.cpp': No such file or directory
  (compiling source file '/src/voxels/Block.cpp')
  
  blocks_agent.cpp
\src\voxels\blocks_agent.cpp(1,1): error C1083: Cannot open source file: 'src\voxels\blocks_agent.cpp': No such file or directory
  (compiling source file '/src/voxels/blocks_agent.cpp')
  
  Chunk.cpp
\src\voxels\Chunk.cpp(1,1): error C1083: Cannot open source file: 'src\voxels\Chunk.cpp': No such file or directory
  (compiling source file '/src/voxels/Chunk.cpp')
  
  Chunks.cpp
\src\voxels\Chunks.cpp(1,1): error C1083: Cannot open source file: 'src\voxels\Chunks.cpp': No such file or directory
  (compiling source file '/src/voxels/Chunks.cpp')
  
  Generating Code...
  Compiling...
  compressed_chunks.cpp
\src\voxels\compressed_chunks.cpp(1,1): error C1083: Cannot open source file: 'src\voxels\compressed_chunks.cpp': No such file or directory
  (compiling source file '/src/voxels/compressed_chunks.cpp')
  
  GlobalChunks.cpp
\src\voxels\GlobalChunks.cpp(1,1): error C1083: Cannot open source file: 'src\voxels\GlobalChunks.cpp': No such file or directory
  (compiling source file '/src/voxels/GlobalChunks.cpp')
  
  Pathfinding.cpp
\src\voxels\Pathfinding.cpp(1,1): error C1083: Cannot open source file: 'src\voxels\Pathfinding.cpp': No such file or directory
  (compiling source file '/src/voxels/Pathfinding.cpp')
  
  VoxelsVolume.cpp
\src\voxels\VoxelsVolume.cpp(1,1): error C1083: Cannot open source file: 'src\voxels\VoxelsVolume.cpp': No such file or directory
  (compiling source file '/src/voxels/VoxelsVolume.cpp')
  
  Camera.cpp
\src\window\Camera.cpp(1,1): error C1083: Cannot open source file: 'src\window\Camera.cpp': No such file or directory
  (compiling source file '/src/window/Camera.cpp')
  
  GLFWWindow.cpp
\src\window\detail\GLFWWindow.cpp(1,1): error C1083: Cannot open source file: 'src\window\detail\GLFWWindow.cpp': No such file or directory
  (compiling source file '/src/window/detail/GLFWWindow.cpp')
  
  input.cpp
\src\window\input.cpp(1,1): error C1083: Cannot open source file: 'src\window\input.cpp': No such file or directory
  (compiling source file '/src/window/input.cpp')
  
  compatibility.cpp
\src\world\files\compatibility.cpp(1,1): error C1083: Cannot open source file: 'src\world\files\compatibility.cpp': No such file or directory
  (compiling source file '/src/world/files/compatibility.cpp')
  
  RegionsLayer.cpp
\src\world\files\RegionsLayer.cpp(1,1): error C1083: Cannot open source file: 'src\world\files\RegionsLayer.cpp': No such file or directory
  (compiling source file '/src/world/files/RegionsLayer.cpp')
  
  WorldConverter.cpp
\src\world\files\WorldConverter.cpp(1,1): error C1083: Cannot open source file: 'src\world\files\WorldConverter.cpp': No such file or directory
  (compiling source file '/src/world/files/WorldConverter.cpp')
  
  WorldFiles.cpp
\src\world\files\WorldFiles.cpp(1,1): error C1083: Cannot open source file: 'src\world\files\WorldFiles.cpp': No such file or directory
  (compiling source file '/src/world/files/WorldFiles.cpp')
  
  WorldRegions.cpp
\src\world\files\WorldRegions.cpp(1,1): error C1083: Cannot open source file: 'src\world\files\WorldRegions.cpp': No such file or directory
  (compiling source file '/src/world/files/WorldRegions.cpp')
  
  GeneratorDef.cpp
\src\world\generator\GeneratorDef.cpp(1,1): error C1083: Cannot open source file: 'src\world\generator\GeneratorDef.cpp': No such file or directory
  (compiling source file '/src/world/generator/GeneratorDef.cpp')
  
  SurroundMap.cpp
\src\world\generator\SurroundMap.cpp(1,1): error C1083: Cannot open source file: 'src\world\generator\SurroundMap.cpp': No such file or directory
  (compiling source file '/src/world/generator/SurroundMap.cpp')
  
  VoxelFragment.cpp
\src\world\generator\VoxelFragment.cpp(1,1): error C1083: Cannot open source file: 'src\world\generator\VoxelFragment.cpp': No such file or directory
  (compiling source file '/src/world/generator/VoxelFragment.cpp')
  
  WorldGenerator.cpp
\src\world\generator\WorldGenerator.cpp(1,1): error C1083: Cannot open source file: 'src\world\generator\WorldGenerator.cpp': No such file or directory
  (compiling source file '/src/world/generator/WorldGenerator.cpp')
  
  Level.cpp
\src\world\Level.cpp(1,1): error C1083: Cannot open source file: 'src\world\Level.cpp': No such file or directory
  (compiling source file '/src/world/Level.cpp')
  
  LevelEvents.cpp
\src\world\LevelEvents.cpp(1,1): error C1083: Cannot open source file: 'src\world\LevelEvents.cpp': No such file or directory
  (compiling source file '/src/world/LevelEvents.cpp')
  
  Weather.cpp
\src\world\Weather.cpp(1,1): error C1083: Cannot open source file: 'src\world\Weather.cpp': No such file or directory
  (compiling source file '/src/world/Weather.cpp')
  
  World.cpp
\src\world\World.cpp(1,1): error C1083: Cannot open source file: 'src\world\World.cpp': No such file or directory
  (compiling source file '/src/world/World.cpp')
  
  Generating Code...
